Object (fromList [("documentation_url",String "https://docs.github.com/rest/gists/gists#get-a-gist-revision"),("message",String "No commit found for SHA: d00770679ba293a327156b9e7031c47c6d269157")])